2022-08-04 17:28:57,864:ERROR:pages.base_page:ConnectionError -> https://redirect.appmetrica.yandex.com/serve/530701752928854806
2022-08-04 17:29:00,493:WARNING:pages.base_page:https://www.mos.ru/uslugi открывается другая страница -> https://www.mos.ru/uslugi/
2022-08-04 17:29:05,264:WARNING:pages.base_page:https://www.mos.ru/search?category=afisha&page=1&q=&sort=date_desc&spheres=81299 открывается другая страница -> https://www.mos.ru/search?category=afisha&hostApplied=false&page=1&q=&sort=date_desc&spheres=81299
2022-08-04 17:29:20,425:WARNING:pages.base_page:https://www.mos.ru/en открывается другая страница -> https://www.mos.ru/en/
2022-08-04 17:29:21,666:WARNING:pages.base_page:https://invite.viber.com/?g2=AQAt5SQCBqNmOUwNVxaIhCmo%2BVl64E5A6QHIJ%2FuRO5oUyWGWRnLmwY669Xd0yIvh открывается другая страница -> https://invite.viber.com/?g2=AQAt5SQCBqNmOUwNVxaIhCmo%2BVl64E5A6QHIJ%2FuRO5oUyWGWRnLmwY669Xd0yIvh&lang=ru
2022-08-04 17:29:24,407:WARNING:pages.base_page:https://www.mos.ru/search?category=newsfeed&page=1&q=&spheres=1299&types=news открывается другая страница -> https://www.mos.ru/search?category=newsfeed&hostApplied=false&page=1&q=&spheres=1299&types=news
2022-08-04 17:29:25,736:WARNING:pages.base_page:https://www.mos.ru/pgu/ru/app/dzm/080501/#step_1 открывается другая страница -> https://login.mos.ru/sps/login/methods/password?bo=%2Fsps%2Foauth%2Fae%3Fredirect_uri%3Dhttps%253A%252F%252Fwww.mos.ru%252Fpgu%252Fru%252Foauth%252F%26response_type%3Dcode%26scope%3Dopenid%2Bprofile%26client_id%3Do2peOb1RMLbmsXi0dM5l#step_1
2022-08-04 17:29:30,183:WARNING:pages.base_page:https://www.mos.ru/afisha открывается другая страница -> https://www.mos.ru/afisha/
2022-08-04 17:29:35,147:WARNING:pages.base_page:https://www.mos.ru/media/photo/337047/ открывается другая страница -> https://www.mos.ru/media/photo/337047/tiles/1/0/
2022-08-04 17:29:48,507:WARNING:pages.base_page:https://www.mos.ru/media/photo/333047/ открывается другая страница -> https://www.mos.ru/media/photo/333047/tiles/1/0/
2022-08-04 17:29:50,988:WARNING:pages.base_page:https://www.mos.ru/search?category=afisha&page=1&q=&sort=date_desc&spheres=80299 открывается другая страница -> https://www.mos.ru/search?category=afisha&hostApplied=false&page=1&q=&sort=date_desc&spheres=80299
2022-08-04 17:29:56,319:WARNING:pages.base_page:https://www.mos.ru/pgu/ru/app/mosenergo/counters/?onsite_from=popular открывается другая страница -> https://login.mos.ru/sps/login/methods/password?bo=%2Fsps%2Foauth%2Fae%3Fredirect_uri%3Dhttps%253A%252F%252Fwww.mos.ru%252Fpgu%252Fru%252Foauth%252F%26response_type%3Dcode%26scope%3Dopenid%2Bprofile%26client_id%3Do2peOb1RMLbmsXi0dM5l
2022-08-04 17:30:03,207:WARNING:pages.base_page:https://www.mos.ru/otvet-socialnaya-podderjka/kak-oformit-socialnuyu-kartu/ открывается другая страница -> https://www.mos.ru/otvet-socialnaya-podderjka/kak-oformit-kartu-moskvicha/
2022-08-04 17:30:04,944:WARNING:pages.base_page:https://www.mos.ru/search?category=afisha&page=1&q=&sort=date_desc&spheres=15299 открывается другая страница -> https://www.mos.ru/search?category=afisha&hostApplied=false&page=1&q=&sort=date_desc&spheres=15299
2022-08-04 17:30:15,524:WARNING:pages.base_page:https://dnevnik.mos.ru/ открывается другая страница -> https://school.mos.ru/
2022-08-04 17:30:24,132:WARNING:pages.base_page:https://www.mos.ru/map/?collection=landscaping&screens=%5B%22objectsList%22%5D&categories=%5B%5D&mapParams=%7B%22cp%22%3A%7B%22lat%22%3A55.751288%2C%22lng%22%3A37.617928%7D%2C%22p1%22%3A%7B%22lat%22%3A55.8367712028016%2C%22lng%22%3A37.83760070800782%7D%2C%22p2%22%3A%7B%22lat%22%3A55.66577411085122%2C%22lng%22%3A37.39814758300782%7D%2C%22z%22%3A12%7D открывается другая страница -> https://www.mos.ru/map/?collection=landscaping&screens=%5B%22objectsList%22%5D&categories=%5B%5D&mapParams=%7B%22cp%22%3A%7B%22lat%22%3A55.75126974369615%2C%22lng%22%3A37.61770248413087%7D%2C%22p1%22%3A%7B%22lat%22%3A55.83195106065597%2C%22lng%22%3A37.72224426269532%7D%2C%22p2%22%3A%7B%22lat%22%3A55.67042121173938%2C%22lng%22%3A37.51316070556641%7D%2C%22z%22%3A12%7D
2022-08-04 17:30:38,906:WARNING:pages.base_page:https://www.mos.ru/search?category=newsfeed&page=1&q=&spheres=4299&types=news открывается другая страница -> https://www.mos.ru/search?category=newsfeed&hostApplied=false&page=1&q=&spheres=4299&types=news
2022-08-04 17:30:51,006:WARNING:pages.base_page:https://pay.mos.ru/mospaynew/newportal/ открывается другая страница -> https://login.mos.ru/sps/login/methods/password?bo=%2Fsps%2Foauth%2Fae%3Fscope%3Dopenid%2Bprofile%26response_type%3Dcode%26redirect_uri%3Dhttps%253A%252F%252Fpay.mos.ru%252Fsudir%252Fauth%252F%26client_id%3Dpay.mos.ru%26access_type%3Donline%26state%3Dhttps%253A%252F%252Fpay.mos.ru%252Fmospaynew%252Fnewportal%252Fcharges
2022-08-04 17:30:56,840:WARNING:pages.base_page:https://my.mos.ru/my/#/ открывается другая страница -> https://login.mos.ru/sps/login/methods/password?bo=%2Fsps%2Foauth%2Fae%3Fclient_id%3Dmy.mos.ru%26response_type%3Dcode%26redirect_uri%3Dhttps%3A%2F%2Fmy.mos.ru%2Foauth%26scope%3Dopenid%2Bprofile%2Bblitz_api_user%2Bblitz_api_user_chg
2022-08-04 17:31:17,108:WARNING:pages.base_page:https://www.mos.ru/search?category=afisha&page=1&q=&sort=date_desc&spheres=84299 открывается другая страница -> https://www.mos.ru/search?category=afisha&hostApplied=false&page=1&q=&sort=date_desc&spheres=84299
2022-08-04 17:31:49,200:ERROR:pages.base_page:WebDriverException -> https://ok.ru/moscow
2022-08-04 17:32:01,297:ERROR:pages.base_page:WebDriverException -> https://www.mos.ru/conferences/item/580296/
2022-08-04 17:32:13,383:ERROR:pages.base_page:WebDriverException -> https://www.mos.ru/uslugi/
2022-08-04 17:32:25,451:ERROR:pages.base_page:WebDriverException -> https://www.mos.ru/city/projects/monitoring/
2022-08-04 17:32:37,543:ERROR:pages.base_page:WebDriverException -> https://redirect.appmetrica.yandex.com/serve/675864993824062442
2022-08-04 17:32:49,615:ERROR:pages.base_page:WebDriverException -> https://my.mos.ru/my/#profile
2022-08-04 17:33:01,664:ERROR:pages.base_page:WebDriverException -> https://vk.com/mos
2022-08-04 17:33:13,726:ERROR:pages.base_page:WebDriverException -> https://www.mos.ru/news/
2022-08-04 17:33:25,841:ERROR:pages.base_page:WebDriverException -> https://emias.info/
2022-08-04 17:33:37,907:ERROR:pages.base_page:WebDriverException -> https://www.mos.ru/pgu/ru/application/dogm/77060201/
2022-08-04 17:33:49,989:ERROR:pages.base_page:WebDriverException -> https://www.mos.ru/news/maintheme/167287/
2022-08-04 17:34:02,060:ERROR:pages.base_page:WebDriverException -> https://www.mos.ru/news/maintheme/216287/
2022-08-04 17:34:14,223:ERROR:pages.base_page:WebDriverException -> https://www.mos.ru/search?category=afisha&page=1&q=&sort=date_desc&spheres=78299
2022-08-09 17:58:26,840:WARNING:pages.base_page:https://www.mos.ru/pgu/ru/drafts/--> status code 404
2022-08-09 17:58:55,651:ERROR:pages.base_page:ConnectionError -> https://redirect.appmetrica.yandex.com/serve/530701752928854806
2022-08-09 17:59:33,762:WARNING:pages.base_page:https://www.mos.ru/search?category=newsfeed&page=1&q=&spheres=1299&types=news открывается другая страница -> https://www.mos.ru/search?category=newsfeed&hostApplied=false&page=1&q=&spheres=1299&types=news
2022-08-09 17:59:51,177:WARNING:pages.base_page:https://www.mos.ru/en открывается другая страница -> https://www.mos.ru/en/
2022-08-09 18:00:00,475:WARNING:pages.base_page:https://www.mos.ru/city/projects/museums/ открывается другая страница -> https://www.mos.ru/city/projects/museums/#
2022-08-09 18:00:04,035:WARNING:pages.base_page:https://pay.mos.ru/mospaynew/newportal/ открывается другая страница -> https://login.mos.ru/sps/login/methods/password?bo=%2Fsps%2Foauth%2Fae%3Fscope%3Dopenid%2Bprofile%26response_type%3Dcode%26redirect_uri%3Dhttps%253A%252F%252Fpay.mos.ru%252Fsudir%252Fauth%252F%26client_id%3Dpay.mos.ru%26access_type%3Donline%26state%3Dhttps%253A%252F%252Fpay.mos.ru%252Fmospaynew%252Fnewportal%252Fcharges
2022-08-09 18:00:42,234:WARNING:pages.base_page:https://redirect.appmetrica.yandex.com/serve/675864993824062442 открывается другая страница -> https://www.mos.ru/mobile/?referrer=appmetrica_tracking_id%3D675864993824062442%26ym_tracking_id%3D18384570179939565968
2022-08-09 18:01:01,579:WARNING:pages.base_page:https://www.mos.ru/search?category=afisha&page=1&q=&sort=date_desc&spheres=84299 открывается другая страница -> https://www.mos.ru/search?category=afisha&hostApplied=false&page=1&q=&sort=date_desc&spheres=84299
2022-08-09 18:01:09,789:WARNING:pages.base_page:https://www.mos.ru/city/projects/magistral/ открывается другая страница -> https://t.mos.ru/transport/marshruty/magistral
2022-08-09 18:01:22,211:WARNING:pages.base_page:https://redirect.appmetrica.yandex.com/serve/98356190077089168 открывается другая страница -> https://apps.apple.com/ru/app/apple-store/id1390518510?referrer=appmetrica_tracking_id%3D98356190077089168%26ym_tracking_id%3D2722236959429116210
2022-08-09 18:01:26,389:WARNING:pages.base_page:https://ag.mos.ru/ открывается другая страница -> https://ag.mos.ru/home
2022-08-09 18:01:36,001:WARNING:pages.base_page:https://www.mos.ru/search?category=afisha&page=1&q=&sort=date_desc&spheres=80299 открывается другая страница -> https://www.mos.ru/search?category=afisha&hostApplied=false&page=1&q=&sort=date_desc&spheres=80299
2022-08-09 18:01:41,076:WARNING:pages.base_page:https://www.mos.ru/pgu/ru/application/dogm/77060201/ открывается другая страница -> https://login.mos.ru/sps/login/methods/password?bo=%2Fsps%2Foauth%2Fae%3Fredirect_uri%3Dhttps%253A%252F%252Fwww.mos.ru%252Fpgu%252Fru%252Foauth%252F%26response_type%3Dcode%26scope%3Dopenid%2Bprofile%26client_id%3Do2peOb1RMLbmsXi0dM5l
2022-08-09 18:01:43,527:WARNING:pages.base_page:https://www.mos.ru/search?category=newsfeed&page=1&q=&spheres=4299&types=news открывается другая страница -> https://www.mos.ru/search?category=newsfeed&hostApplied=false&page=1&q=&spheres=4299&types=news
2022-08-09 18:02:01,136:WARNING:pages.base_page:https://dnevnik.mos.ru/ открывается другая страница -> https://school.mos.ru/
2022-08-09 18:02:10,247:WARNING:pages.base_page:https://www.mos.ru/services/zapis-k-vrachu/dashboard/?onsite_from=popular открывается другая страница -> https://login.mos.ru/sps/login/methods/password?bo=%2Fsps%2Foauth%2Fae%3Fscope%3Dprofile%2Bopenid%2Bcontacts%2Busr_grps%26response_type%3Dcode%26redirect_uri%3Dhttps%3A%2F%2Fwww.mos.ru%2Fapi%2Facs%2Fv1%2Flogin%2Fsatisfy%26client_id%3Dmos.ru
2022-08-09 18:04:19,243:ERROR:pages.base_page:WebDriverException -> https://redirect.appmetrica.yandex.com/serve/530701752928854806
2022-08-09 18:04:24,788:WARNING:pages.base_page:https://www.mos.ru/media/photo/338047/ открывается другая страница -> https://www.mos.ru/media/photo/338047/tiles/1/0/
2022-08-09 18:04:28,047:WARNING:pages.base_page:https://www.mos.ru/otvet-stroitelstvo/kakoy-poryadok-realizacii-programmi-renovacii открывается другая страница -> https://www.mos.ru/otvet-stroitelstvo/kakoy-poryadok-realizacii-programmi-renovacii/
2022-08-09 18:04:57,083:WARNING:pages.base_page:https://www.mos.ru/search?category=newsfeed&page=1&q=&spheres=2299&types=news открывается другая страница -> https://www.mos.ru/search?category=newsfeed&hostApplied=false&page=1&q=&spheres=2299&types=news
2022-08-09 18:04:59,704:WARNING:pages.base_page:https://www.mos.ru/pgu/ru/application/guis/062301/?onsite_from=popular открывается другая страница -> https://login.mos.ru/sps/login/methods/password?bo=%2Fsps%2Foauth%2Fae%3Fredirect_uri%3Dhttps%253A%252F%252Fwww.mos.ru%252Fpgu%252Fru%252Foauth%252F%26response_type%3Dcode%26scope%3Dopenid%2Bprofile%26client_id%3Do2peOb1RMLbmsXi0dM5l
2022-08-09 18:05:33,237:WARNING:pages.base_page:https://www.mos.ru/map/?collection=gardening&screens=%5B%22objectsList%22%5D&categories=%5B%5D&mapParams=%7B%22cp%22%3A%7B%22lat%22%3A55.751288%2C%22lng%22%3A37.617928%7D%2C%22p1%22%3A%7B%22lat%22%3A55.79954420546492%2C%22lng%22%3A37.83760070800782%7D%2C%22p2%22%3A%7B%22lat%22%3A55.70312892423751%2C%22lng%22%3A37.39814758300782%7D%2C%22z%22%3A12%7D открывается другая страница -> https://www.mos.ru/map/?collection=gardening&screens=%5B%22objectsList%22%5D&categories=%5B%5D&mapParams=%7B%22cp%22%3A%7B%22lat%22%3A55.75126974369615%2C%22lng%22%3A37.61770248413087%7D%2C%22p1%22%3A%7B%22lat%22%3A55.83195106065597%2C%22lng%22%3A37.72224426269532%7D%2C%22p2%22%3A%7B%22lat%22%3A55.67042121173938%2C%22lng%22%3A37.51316070556641%7D%2C%22z%22%3A12%7D
2022-08-09 18:05:41,815:WARNING:pages.base_page:https://www.mos.ru/search?category=afisha&page=1&q=&sort=date_desc&spheres=81299 открывается другая страница -> https://www.mos.ru/search?category=afisha&hostApplied=false&page=1&q=&sort=date_desc&spheres=81299
2022-08-09 18:05:47,906:WARNING:pages.base_page:https://www.mos.ru/afisha открывается другая страница -> https://www.mos.ru/afisha/
2022-08-09 18:06:08,329:WARNING:pages.base_page:https://redirect.appmetrica.yandex.com/serve/459254311659068055 открывается другая страница -> https://appgallery.huawei.com/?referrer=appmetrica_tracking_id%3D459254311659068055%26ym_tracking_id%3D6983626944777994467#/app/C102906941
2022-08-09 18:06:15,765:WARNING:pages.base_page:https://www.mos.ru/search?category=afisha&page=1&q=&sort=date_desc&spheres=15299 открывается другая страница -> https://www.mos.ru/search?category=afisha&hostApplied=false&page=1&q=&sort=date_desc&spheres=15299
2022-08-09 18:06:17,774:WARNING:pages.base_page:https://www.mos.ru/media/photo/337047/ открывается другая страница -> https://www.mos.ru/media/photo/337047/tiles/1/0/
2022-08-09 18:06:20,304:WARNING:pages.base_page:https://www.mos.ru/services/zapis-k-vrachu/dashboard/ открывается другая страница -> https://login.mos.ru/sps/login/methods/password?bo=%2Fsps%2Foauth%2Fae%3Fscope%3Dprofile%2Bopenid%2Bcontacts%2Busr_grps%26response_type%3Dcode%26redirect_uri%3Dhttps%3A%2F%2Fwww.mos.ru%2Fapi%2Facs%2Fv1%2Flogin%2Fsatisfy%26client_id%3Dmos.ru
2022-08-09 18:06:29,015:WARNING:pages.base_page:https://www.mos.ru/media/photo/335047/ открывается другая страница -> https://www.mos.ru/media/photo/335047/tiles/1/0/
2022-08-09 18:06:34,452:WARNING:pages.base_page:https://my.mos.ru/my/#/ открывается другая страница -> https://login.mos.ru/sps/login/methods/password?bo=%2Fsps%2Foauth%2Fae%3Fclient_id%3Dmy.mos.ru%26response_type%3Dcode%26redirect_uri%3Dhttps%3A%2F%2Fmy.mos.ru%2Foauth%26scope%3Dopenid%2Bprofile%2Bblitz_api_user%2Bblitz_api_user_chg
2022-08-09 18:06:39,130:WARNING:pages.base_page:https://www.mos.ru/search?category=afisha&page=1&q=&sort=date_desc&spheres=78299 открывается другая страница -> https://www.mos.ru/search?category=afisha&hostApplied=false&page=1&q=&sort=date_desc&spheres=78299
2022-08-09 18:06:40,166:WARNING:pages.base_page:https://www.mos.ru/search?category=newsfeed&page=1&q=&sort=date_desc&spheres=12299&types=news открывается другая страница -> https://www.mos.ru/search?category=newsfeed&hostApplied=false&page=1&q=&sort=date_desc&spheres=12299&types=news
2022-08-09 18:06:42,801:WARNING:pages.base_page:https://www.mos.ru/pgu/ru/app/mosenergo/counters/?onsite_from=popular открывается другая страница -> https://login.mos.ru/sps/login/methods/password?bo=%2Fsps%2Foauth%2Fae%3Fredirect_uri%3Dhttps%253A%252F%252Fwww.mos.ru%252Fpgu%252Fru%252Foauth%252F%26response_type%3Dcode%26scope%3Dopenid%2Bprofile%26client_id%3Do2peOb1RMLbmsXi0dM5l
2022-08-09 18:06:44,862:WARNING:pages.base_page:https://www.mos.ru/uslugi открывается другая страница -> https://www.mos.ru/uslugi/
2022-08-09 18:06:47,833:WARNING:pages.base_page:https://pay.mos.ru/mospaynew/newportal/?onsite_from=popular открывается другая страница -> https://login.mos.ru/sps/login/methods/password?bo=%2Fsps%2Foauth%2Fae%3Fscope%3Dopenid%2Bprofile%26response_type%3Dcode%26redirect_uri%3Dhttps%253A%252F%252Fpay.mos.ru%252Fsudir%252Fauth%252F%26client_id%3Dpay.mos.ru%26access_type%3Donline%26state%3Dhttps%253A%252F%252Fpay.mos.ru%252Fmospaynew%252Fnewportal%252Fcharges%253Fonsite_from%253Dpopular
2022-08-09 18:06:51,585:WARNING:pages.base_page:https://www.mos.ru/pgu/ru/application/oiv/booking/?onsite_from=popular открывается другая страница -> https://login.mos.ru/sps/login/methods/password?bo=%2Fsps%2Foauth%2Fae%3Fredirect_uri%3Dhttps%253A%252F%252Fwww.mos.ru%252Fpgu%252Fru%252Foauth%252F%26response_type%3Dcode%26scope%3Dopenid%2Bprofile%26client_id%3Do2peOb1RMLbmsXi0dM5l
2022-08-09 18:06:54,888:WARNING:pages.base_page:https://www.mos.ru/otvet-socialnaya-podderjka/kak-oformit-socialnuyu-kartu/ открывается другая страница -> https://www.mos.ru/otvet-socialnaya-podderjka/kak-oformit-kartu-moskvicha/
2022-08-09 18:07:01,906:WARNING:pages.base_page:https://www.mos.ru/map/?collection=landscaping&screens=%5B%22objectsList%22%5D&categories=%5B%5D&mapParams=%7B%22cp%22%3A%7B%22lat%22%3A55.751288%2C%22lng%22%3A37.617928%7D%2C%22p1%22%3A%7B%22lat%22%3A55.8367712028016%2C%22lng%22%3A37.83760070800782%7D%2C%22p2%22%3A%7B%22lat%22%3A55.66577411085122%2C%22lng%22%3A37.39814758300782%7D%2C%22z%22%3A12%7D открывается другая страница -> https://www.mos.ru/map/?collection=landscaping&screens=%5B%22objectsList%22%5D&categories=%5B%5D&mapParams=%7B%22cp%22%3A%7B%22lat%22%3A55.75126974369615%2C%22lng%22%3A37.61770248413087%7D%2C%22p1%22%3A%7B%22lat%22%3A55.83195106065597%2C%22lng%22%3A37.72224426269532%7D%2C%22p2%22%3A%7B%22lat%22%3A55.67042121173938%2C%22lng%22%3A37.51316070556641%7D%2C%22z%22%3A12%7D
2022-08-09 18:07:06,059:WARNING:pages.base_page:https://www.mos.ru/city/projects/poliklinika/ открывается другая страница -> https://www.mos.ru/city/projects/poliklinika/#
2022-08-09 18:07:43,256:WARNING:pages.base_page:https://invite.viber.com/?g2=AQAt5SQCBqNmOUwNVxaIhCmo%2BVl64E5A6QHIJ%2FuRO5oUyWGWRnLmwY669Xd0yIvh открывается другая страница -> https://invite.viber.com/?g2=AQAt5SQCBqNmOUwNVxaIhCmo%2BVl64E5A6QHIJ%2FuRO5oUyWGWRnLmwY669Xd0yIvh&lang=ru
2022-08-09 18:07:56,781:WARNING:pages.base_page:https://my.mos.ru/my/#profile открывается другая страница -> https://login.mos.ru/sps/login/methods/password?bo=%2Fsps%2Foauth%2Fae%3Fclient_id%3Dmy.mos.ru%26response_type%3Dcode%26redirect_uri%3Dhttps%3A%2F%2Fmy.mos.ru%2Foauth%26scope%3Dopenid%2Bprofile%2Bblitz_api_user%2Bblitz_api_user_chg
2022-08-09 18:08:05,409:WARNING:pages.base_page:http://zakupki.mos.ru/ открывается другая страница -> https://zakupki.mos.ru/
2022-08-09 18:08:19,816:WARNING:pages.base_page:https://www.mos.ru/services/pokazaniya-vodi-i-tepla/new/?onsite_from=popular открывается другая страница -> https://login.mos.ru/sps/login/methods/password?bo=%2Fsps%2Foauth%2Fae%3Fscope%3Dprofile%2Bopenid%2Bcontacts%2Busr_grps%26response_type%3Dcode%26redirect_uri%3Dhttps%3A%2F%2Fwww.mos.ru%2Fapi%2Facs%2Fv1%2Flogin%2Fsatisfy%26client_id%3Dmos.ru
2022-08-09 18:08:22,521:WARNING:pages.base_page:https://www.mos.ru/search?category=newsfeed&page=1&q=&spheres=5299&types=news открывается другая страница -> https://www.mos.ru/search?category=newsfeed&hostApplied=false&page=1&q=&spheres=5299&types=news
2022-08-09 18:08:24,838:WARNING:pages.base_page:https://www.mos.ru/map/ открывается другая страница -> https://www.mos.ru/map/?screens=%5B%5D&categories=%5B%5D&mapParams=%7B%22cp%22%3A%7B%22lat%22%3A55.751288%2C%22lng%22%3A37.617928%7D%2C%22p1%22%3A%7B%22lat%22%3A55.791631292435824%2C%22lng%22%3A37.67023086547852%7D%2C%22p2%22%3A%7B%22lat%22%3A55.71086639119248%2C%22lng%22%3A37.56568908691407%7D%2C%22z%22%3A13%7D
2022-08-09 18:08:28,488:WARNING:pages.base_page:https://www.mos.ru/pgu/ru/app/dzm/080501/#step_1 открывается другая страница -> https://login.mos.ru/sps/login/methods/password?bo=%2Fsps%2Foauth%2Fae%3Fredirect_uri%3Dhttps%253A%252F%252Fwww.mos.ru%252Fpgu%252Fru%252Foauth%252F%26response_type%3Dcode%26scope%3Dopenid%2Bprofile%26client_id%3Do2peOb1RMLbmsXi0dM5l#step_1
2022-08-09 18:08:41,894:WARNING:pages.base_page:https://pay.mos.ru/mospaynew/newportal/charges открывается другая страница -> https://login.mos.ru/sps/login/methods/password?bo=%2Fsps%2Foauth%2Fae%3Fscope%3Dopenid%2Bprofile%26response_type%3Dcode%26redirect_uri%3Dhttps%253A%252F%252Fpay.mos.ru%252Fsudir%252Fauth%252F%26client_id%3Dpay.mos.ru%26access_type%3Donline%26state%3Dhttps%253A%252F%252Fpay.mos.ru%252Fmospaynew%252Fnewportal%252Fcharges
2022-08-09 18:08:43,830:WARNING:pages.base_page:https://www.mos.ru/media/photo/336047/ открывается другая страница -> https://www.mos.ru/media/photo/336047/tiles/1/0/
